// Jest Snapshot v1, https://goo.gl/fbAQLP

exports[`outfit card matches snapshot 1`] = `
<div
  className="card-container"
  data-testid="outfit-13023"
>
  <svg
    className="action-btn"
    fill="currentColor"
    height="1em"
    onClick={[Function]}
    stroke="currentColor"
    strokeWidth="0"
    style={
      Object {
        "backgroundColor": "#fff",
        "color": "#000",
      }
    }
    viewBox="0 0 512 512"
    width="1em"
    xmlns="http://www.w3.org/2000/svg"
  >
    <path
      d="M256 90c44.3 0 86 17.3 117.4 48.6C404.7 170 422 211.7 422 256s-17.3 86-48.6 117.4C342 404.7 300.3 422 256 422s-86-17.3-117.4-48.6C107.3 342 90 300.3 90 256s17.3-86 48.6-117.4C170 107.3 211.7 90 256 90m0-42C141.1 48 48 141.1 48 256s93.1 208 208 208 208-93.1 208-208S370.9 48 256 48z"
    />
    <path
      d="M360 330.9L330.9 360 256 285.1 181.1 360 152 330.9l74.9-74.9-74.9-74.9 29.1-29.1 74.9 74.9 74.9-74.9 29.1 29.1-74.9 74.9z"
    />
  </svg>
  <div
    className="card-inner-container"
    onClick={[Function]}
  >
    <div
      className="card-item"
    >
      <img
        alt="outfit-card"
        className="card-image"
        loading="lazy"
        src="https://images.unsplash.com/photo-1501088430049-71c79fa3283e?ixlib=rb-1.2.1&ixid=eyJhcHBfaWQiOjEyMDd9&auto=format&fit=crop&w=300&q=80"
      />
    </div>
    <div
      className="card-item text category"
    >
      JACKETS
    </div>
    <div
      className="card-item text name"
    >
      Camo Onesie
    </div>
    <div
      className="card-item text"
    >
      $
    </div>
    <div
      className="card-item text rating"
    >
      <div
        style={
          Object {
            "overflow": "hidden",
            "position": "relative",
          }
        }
      >
        <style
          dangerouslySetInnerHTML={
            Object {
              "__html": "
    .stars-rating-07095687728856404:before {
      position: absolute;
      overflow: hidden;
      display: block;
      z-index: 1;
      top: 0; left: 0;
      width: 50%;
      content: attr(data-forhalf);
      color: #ffd700;
  }",
            }
          }
        />
        <span
          className=""
          data-forhalf="★"
          data-index={0}
          onClick={[Function]}
          onMouseLeave={[Function]}
          onMouseMove={[Function]}
          onMouseOver={[Function]}
          style={
            Object {
              "color": "#ffd700",
              "cursor": "default",
              "display": "block",
              "float": "left",
              "fontSize": "15px",
              "overflow": "hidden",
              "position": "relative",
            }
          }
        >
          ★
        </span>
        <span
          className=""
          data-forhalf="★"
          data-index={1}
          onClick={[Function]}
          onMouseLeave={[Function]}
          onMouseMove={[Function]}
          onMouseOver={[Function]}
          style={
            Object {
              "color": "#ffd700",
              "cursor": "default",
              "display": "block",
              "float": "left",
              "fontSize": "15px",
              "overflow": "hidden",
              "position": "relative",
            }
          }
        >
          ★
        </span>
        <span
          className=""
          data-forhalf="★"
          data-index={2}
          onClick={[Function]}
          onMouseLeave={[Function]}
          onMouseMove={[Function]}
          onMouseOver={[Function]}
          style={
            Object {
              "color": "#ffd700",
              "cursor": "default",
              "display": "block",
              "float": "left",
              "fontSize": "15px",
              "overflow": "hidden",
              "position": "relative",
            }
          }
        >
          ★
        </span>
        <span
          className="stars-rating-07095687728856404"
          data-forhalf="★"
          data-index={3}
          onClick={[Function]}
          onMouseLeave={[Function]}
          onMouseMove={[Function]}
          onMouseOver={[Function]}
          style={
            Object {
              "color": "gray",
              "cursor": "default",
              "display": "block",
              "float": "left",
              "fontSize": "15px",
              "overflow": "hidden",
              "position": "relative",
            }
          }
        >
          ★
        </span>
        <span
          className=""
          data-forhalf="★"
          data-index={4}
          onClick={[Function]}
          onMouseLeave={[Function]}
          onMouseMove={[Function]}
          onMouseOver={[Function]}
          style={
            Object {
              "color": "gray",
              "cursor": "default",
              "display": "block",
              "float": "left",
              "fontSize": "15px",
              "overflow": "hidden",
              "position": "relative",
            }
          }
        >
          ★
        </span>
      </div>
    </div>
  </div>
</div>
`;
